dungeon 
quest.dat 
aet-fila.lev
aet-filb.lev
aet-goal.lev
aet-loca.lev
aet-strt.lev
air.lev
arc-fila.lev
arc-filb.lev
arc-goal.lev
arc-loca.lev
arc-strt.lev
asmodeus.lev
astral.lev
baalz.lev
bar-fila.lev
bar-filb.lev
bar-goal.lev
bar-loca.lev
bar-strt.lev
beholder.lev
bigrm-1.lev
bigrm-2.lev
bigrm-3.lev
bigrm-4.lev
bigrm-5.lev
bigrm-6.lev
blkmar.lev
brd-fila.lev
brd-filb.lev
brd-goal.lev
brd-loca.lev
brd-strt.lev
castle-1.lev
castle-2.lev
castle-3.lev
cav-fila.lev
cav-filb.lev
cav-goal.lev
cav-loca.lev
cav-strt.lev
cav2fill.lev
compu.lev
con-fila.lev
con-filb.lev
con-goal.lev
con-loca.lev
con-strt.lev
demogorg.lev
dispater.lev
dragons.lev
ear-fila.lev
ear-filb.lev
ear-goal.lev
ear-loca.lev
ear-strt.lev
earth.lev
exp-fila.lev
exp-filb.lev
exp-goal.lev
exp-loca.lev
exp-strt.lev
fakewiz1.lev
fakewiz2.lev
fig-fila.lev
fig-filb.lev
fig-goal.lev
fig-loca.lev
fig-strt.lev
fire.lev
fla-fila.lev
fla-filb.lev
fla-goal.lev
fla-loca.lev
fla-strt.lev
forge.lev
forgex.lev
frnknstn.lev
gee-fila.lev
gee-filb.lev
gee-goal.lev
gee-loca.lev
gee-strt.lev
geryon.lev
grund-1.lev
grund-2.lev
grund-3.lev
guild.lev
hea-fila.lev
hea-filb.lev
hea-goal.lev
hea-loca.lev
hea-strt.lev
hitch.lev
ice-fila.lev
ice-filb.lev
ice-goal.lev
ice-loca.lev
ice-strt.lev
ins-fila.lev
ins-filb.lev
ins-goal.lev
ins-loca.lev
ins-strt.lev
juiblex.lev
key.lev
kni-fila.lev
kni-filb.lev
kni-goal.lev
kni-loca.lev
kni-strt.lev
knox-1.lev
knox-2.lev
knox-3.lev
kobold-1.lev
kobold-2.lev
lib-fila.lev
lib-filb.lev
lib-goal.lev
lib-loca.lev
lib-strt.lev
lich.lev
mall-1.lev
mall-2.lev
mall.lev
medusa-1.lev
medusa-2.lev
medusa-3.lev
medusa-4.lev
met-fila.lev
met-filb.lev
met-goal.lev
met-loca.lev
met-strt.lev
minefill.lev
mineking.lev
minend-1.lev
minend-2.lev
minend-3.lev
minend-4.lev
minend-5.lev
minend-6.lev
minend-7.lev
mintn-1.lev
mintn-10.lev
mintn-11.lev
mintn-12.lev
mintn-2.lev
mintn-3.lev
mintn-4.lev
mintn-5.lev
mintn-6.lev
mintn-7.lev
mintn-8.lev
mintn-9.lev
mon-fila.lev
mon-filb.lev
mon-goal.lev
mon-loca.lev
mon-strt.lev
mtemple.lev
nec-fila.lev
nec-filb.lev
nec-goal.lev
nec-loca.lev
nec-strt.lev
nightmar.lev
nymph.lev
oracle.lev
orcus.lev
pir-fila.lev
pir-filb.lev
pir-goal.lev
pir-loca.lev
pir-strt.lev
pri-fila.lev
pri-filb.lev
pri-goal.lev
pri-loca.lev
pri-strt.lev
ran-fila.lev
ran-filb.lev
ran-goal.lev
ran-loca.lev
ran-strt.lev
rats.lev
rog-fila.lev
rog-filb.lev
rog-goal.lev
rog-loca.lev
rog-strt.lev
sam-fila.lev
sam-filb.lev
sam-goal.lev
sam-loca.lev
sam-strt.lev
sanctum.lev
sci-fila.lev
sci-filb.lev
sci-goal.lev
sci-loca.lev
sci-strt.lev
sea.lev
soko1-1.lev
soko1-10.lev
soko1-2.lev
soko1-3.lev
soko1-4.lev
soko1-5.lev
soko1-6.lev
soko1-7.lev
soko1-8.lev
soko1-9.lev
soko2-1.lev
soko2-10.lev
soko2-11.lev
soko2-12.lev
soko2-13.lev
soko2-14.lev
soko2-15.lev
soko2-16.lev
soko2-17.lev
soko2-2.lev
soko2-3.lev
soko2-4.lev
soko2-5.lev
soko2-6.lev
soko2-7.lev
soko2-8.lev
soko2-9.lev
soko3-1.lev
soko3-10.lev
soko3-11.lev
soko3-12.lev
soko3-13.lev
soko3-14.lev
soko3-15.lev
soko3-16.lev
soko3-17.lev
soko3-2.lev
soko3-3.lev
soko3-4.lev
soko3-5.lev
soko3-6.lev
soko3-7.lev
soko3-8.lev
soko3-9.lev
soko4-1.lev
soko4-10.lev
soko4-11.lev
soko4-12.lev
soko4-13.lev
soko4-14.lev
soko4-15.lev
soko4-16.lev
soko4-17.lev
soko4-18.lev
soko4-19.lev
soko4-2.lev
soko4-3.lev
soko4-4.lev
soko4-5.lev
soko4-6.lev
soko4-7.lev
soko4-8.lev
soko4-9.lev
spiders.lev
stor-1.lev
stor-2.lev
stor-3.lev
tomb.lev
tou-fila.lev
tou-filb.lev
tou-goal.lev
tou-loca.lev
tou-strt.lev
tower1.lev
tower2.lev
tower3.lev
und-fila.lev
und-filb.lev
und-goal.lev
und-loca.lev
und-strt.lev
val-fila.lev
val-filb.lev
val-goal.lev
val-loca.lev
val-strt.lev
valley.lev
wan-fila.lev
wan-filb.lev
wan-goal.lev
wan-loca.lev
wan-strt.lev
water.lev
wiz-fila.lev
wiz-filb.lev
wiz-goal.lev
wiz-loca.lev
wiz-strt.lev
wizard1.lev
wizard2.lev
wizard3.lev
yeenoghu.lev
yeo-fila.lev
yeo-filb.lev
yeo-goal.lev
yeo-loca.lev
yeo-strt.lev
zoo-fila.lev
zoo-filb.lev
zoo-goal.lev
zoo-loca.lev
zoo-strt.lev
